22:13:04 **** Auto Build of configuration Debug for project RTCC_demo ****
make pre-build main-build 
a9-linaro-pre-build-step
 
Building file: ../src/main.c
Invoking: ARM v7 gcc compiler
arm-none-eabi-gcc -Wall -O0 -g3 -c -fmessage-length=0 -MT"src/main.o" -mcpu=cortex-a9 -mfpu=vfpv3 -mfloat-abi=hard -I../../RTCC_demo_bsp/ps7_cortexa9_0/include -MMD -MP -MF"src/main.d" -MT"src/main.o" -o "src/main.o" "../src/main.c"
Finished building: ../src/main.c
 
Building target: RTCC_demo.elf
Invoking: ARM v7 gcc linker
arm-none-eabi-gcc -mcpu=cortex-a9 -mfpu=vfpv3 -mfloat-abi=hard -Wl,-build-id=none -specs=Xilinx.spec -Wl,-T -Wl,../src/lscript.ld -L../../RTCC_demo_bsp/ps7_cortexa9_0/lib -o "RTCC_demo.elf"  ./src/main.o   -Wl,--start-group,-lxil,-lgcc,-lc,--end-group
Finished building target: RTCC_demo.elf
 
Invoking: ARM v7 Print Size
arm-none-eabi-size RTCC_demo.elf  |tee "RTCC_demo.elf.size"
   text	   data	    bss	    dec	    hex	filename
  31640	   1192	  22680	  55512	   d8d8	RTCC_demo.elf
Finished building: RTCC_demo.elf.size
 

22:13:04 Build Finished (took 311ms)

