13:45:47 **** Incremental Build of configuration Debug for project RTCC_OLED ****
make pre-build main-build 
a9-linaro-pre-build-step
 
make: *** No rule to make target 'main.o', needed by 'RTCC_OLED.elf'.  Stop.
13:46:56 **** Auto Build of configuration Debug for project RTCC_OLED ****
make pre-build main-build 
a9-linaro-pre-build-step
 
Building file: ../src/main.c
Invoking: ARM v7 gcc compiler
arm-none-eabi-gcc -Wall -O0 -g3 -c -fmessage-length=0 -MT"src/main.o" -mcpu=cortex-a9 -mfpu=vfpv3 -mfloat-abi=hard -I../../RTCC_OLED_bsp/ps7_cortexa9_0/include -MMD -MP -MF"src/main.d" -MT"src/main.o" -o "src/main.o" "../src/main.c"
Finished building: ../src/main.c
 
Building target: RTCC_OLED.elf
Invoking: ARM v7 gcc linker
arm-none-eabi-gcc -mcpu=cortex-a9 -mfpu=vfpv3 -mfloat-abi=hard -Wl,-build-id=none -specs=Xilinx.spec -Wl,-T -Wl,../src/lscript.ld -L../../RTCC_OLED_bsp/ps7_cortexa9_0/lib -o "RTCC_OLED.elf"  ./src/main.o   -Wl,--start-group,-lxil,-lgcc,-lc,--end-group
../../RTCC_OLED_bsp/ps7_cortexa9_0/lib/libxil.a(xil-crt0.o): In function `_start':
/home/user/Desktop/Lab6/Lab6.sdk/RTCC_OLED_bsp/ps7_cortexa9_0/libsrc/standalone_v6_7/src/xil-crt0.S:142: undefined reference to `main'
makefile:39: recipe for target 'RTCC_OLED.elf' failed
collect2: error: ld returned 1 exit status
make: *** [RTCC_OLED.elf] Error 1
13:50:41 **** Auto Build of configuration Debug for project RTCC_OLED ****
make pre-build main-build 
a9-linaro-pre-build-step
 
Building file: ../src/main.c
Invoking: ARM v7 gcc compiler
arm-none-eabi-gcc -Wall -O0 -g3 -c -fmessage-length=0 -MT"src/main.o" -mcpu=cortex-a9 -mfpu=vfpv3 -mfloat-abi=hard -I../../RTCC_OLED_bsp/ps7_cortexa9_0/include -MMD -MP -MF"src/main.d" -MT"src/main.o" -o "src/main.o" "../src/main.c"
../src/main.c:20:10: error: conflicting types for 'myDevice'
 PmodRTCC myDevice;
          ^~~~~~~~
../src/main.c:19:10: note: previous declaration of 'myDevice' was here
 PmodOLED myDevice;
          ^~~~~~~~
src/subdir.mk:21: recipe for target 'src/main.o' failed
make: *** [src/main.o] Error 1
13:51:38 **** Auto Build of configuration Debug for project RTCC_OLED ****
make pre-build main-build 
a9-linaro-pre-build-step
 
Building file: ../src/main.c
Invoking: ARM v7 gcc compiler
arm-none-eabi-gcc -Wall -O0 -g3 -c -fmessage-length=0 -MT"src/main.o" -mcpu=cortex-a9 -mfpu=vfpv3 -mfloat-abi=hard -I../../RTCC_OLED_bsp/ps7_cortexa9_0/include -MMD -MP -MF"src/main.d" -MT"src/main.o" -o "src/main.o" "../src/main.c"
Finished building: ../src/main.c
 
Building target: RTCC_OLED.elf
Invoking: ARM v7 gcc linker
arm-none-eabi-gcc -mcpu=cortex-a9 -mfpu=vfpv3 -mfloat-abi=hard -Wl,-build-id=none -specs=Xilinx.spec -Wl,-T -Wl,../src/lscript.ld -L../../RTCC_OLED_bsp/ps7_cortexa9_0/lib -o "RTCC_OLED.elf"  ./src/main.o   -Wl,--start-group,-lxil,-lgcc,-lc,--end-group
Finished building target: RTCC_OLED.elf
 
Invoking: ARM v7 Print Size
arm-none-eabi-size RTCC_OLED.elf  |tee "RTCC_OLED.elf.size"
   text	   data	    bss	    dec	    hex	filename
  19016	   1144	  22568	  42728	   a6e8	RTCC_OLED.elf
Finished building: RTCC_OLED.elf.size
 
13:52:54 **** Auto Build of configuration Debug for project RTCC_OLED ****
make pre-build main-build 
a9-linaro-pre-build-step
 
Building file: ../src/main.c
Invoking: ARM v7 gcc compiler
arm-none-eabi-gcc -Wall -O0 -g3 -c -fmessage-length=0 -MT"src/main.o" -mcpu=cortex-a9 -mfpu=vfpv3 -mfloat-abi=hard -I../../RTCC_OLED_bsp/ps7_cortexa9_0/include -MMD -MP -MF"src/main.d" -MT"src/main.o" -o "src/main.o" "../src/main.c"
../src/main.c:18:0: error: unterminated #ifndef
 #ifndef PMODRTCC_H
 
make: *** [src/main.o] Error 1
src/subdir.mk:21: recipe for target 'src/main.o' failed
13:53:08 **** Auto Build of configuration Debug for project RTCC_OLED ****
make pre-build main-build 
a9-linaro-pre-build-step
 
Building file: ../src/main.c
Invoking: ARM v7 gcc compiler
arm-none-eabi-gcc -Wall -O0 -g3 -c -fmessage-length=0 -MT"src/main.o" -mcpu=cortex-a9 -mfpu=vfpv3 -mfloat-abi=hard -I../../RTCC_OLED_bsp/ps7_cortexa9_0/include -MMD -MP -MF"src/main.d" -MT"src/main.o" -o "src/main.o" "../src/main.c"
Finished building: ../src/main.c
 
Building target: RTCC_OLED.elf
Invoking: ARM v7 gcc linker
arm-none-eabi-gcc -mcpu=cortex-a9 -mfpu=vfpv3 -mfloat-abi=hard -Wl,-build-id=none -specs=Xilinx.spec -Wl,-T -Wl,../src/lscript.ld -L../../RTCC_OLED_bsp/ps7_cortexa9_0/lib -o "RTCC_OLED.elf"  ./src/main.o   -Wl,--start-group,-lxil,-lgcc,-lc,--end-group
Finished building target: RTCC_OLED.elf
 
Invoking: ARM v7 Print Size
arm-none-eabi-size RTCC_OLED.elf  |tee "RTCC_OLED.elf.size"
   text	   data	    bss	    dec	    hex	filename
  19016	   1144	  22568	  42728	   a6e8	RTCC_OLED.elf
Finished building: RTCC_OLED.elf.size
 
13:56:31 **** Auto Build of configuration Debug for project RTCC_OLED ****
make pre-build main-build 
a9-linaro-pre-build-step
 
Building file: ../src/main.c
Invoking: ARM v7 gcc compiler
arm-none-eabi-gcc -Wall -O0 -g3 -c -fmessage-length=0 -MT"src/main.o" -mcpu=cortex-a9 -mfpu=vfpv3 -mfloat-abi=hard -I../../RTCC_OLED_bsp/ps7_cortexa9_0/include -MMD -MP -MF"src/main.d" -MT"src/main.o" -o "src/main.o" "../src/main.c"
Finished building: ../src/main.c
 
Building target: RTCC_OLED.elf
Invoking: ARM v7 gcc linker
arm-none-eabi-gcc -mcpu=cortex-a9 -mfpu=vfpv3 -mfloat-abi=hard -Wl,-build-id=none -specs=Xilinx.spec -Wl,-T -Wl,../src/lscript.ld -L../../RTCC_OLED_bsp/ps7_cortexa9_0/lib -o "RTCC_OLED.elf"  ./src/main.o   -Wl,--start-group,-lxil,-lgcc,-lc,--end-group
Finished building target: RTCC_OLED.elf
 
Invoking: ARM v7 Print Size
arm-none-eabi-size RTCC_OLED.elf  |tee "RTCC_OLED.elf.size"
   text	   data	    bss	    dec	    hex	filename
  19084	   1168	  22568	  42820	   a744	RTCC_OLED.elf
Finished building: RTCC_OLED.elf.size
 
14:01:34 **** Auto Build of configuration Debug for project RTCC_OLED ****
make pre-build main-build 
a9-linaro-pre-build-step
 
Building file: ../src/main.c
Invoking: ARM v7 gcc compiler
arm-none-eabi-gcc -Wall -O0 -g3 -c -fmessage-length=0 -MT"src/main.o" -mcpu=cortex-a9 -mfpu=vfpv3 -mfloat-abi=hard -I../../RTCC_OLED_bsp/ps7_cortexa9_0/include -MMD -MP -MF"src/main.d" -MT"src/main.o" -o "src/main.o" "../src/main.c"
../src/main.c:73:6: error: conflicting types for 'DemoInitialize'
 void DemoInitialize(u8 mode);
      ^~~~~~~~~~~~~~
../src/main.c:73:1: note: an argument type that has a default promotion can't match an empty parameter name list declaration
 void DemoInitialize(u8 mode);
 ^~~~
../src/main.c:57:6: note: previous declaration of 'DemoInitialize' was here
 void DemoInitialize();
      ^~~~~~~~~~~~~~
../src/main.c:99:6: error: conflicting types for 'DemoInitialize'
 void DemoInitialize(u8 mode) {
      ^~~~~~~~~~~~~~
../src/main.c:99:1: note: an argument type that has a default promotion can't match an empty parameter name list declaration
 void DemoInitialize(u8 mode) {
 ^~~~
../src/main.c:57:6: note: previous declaration of 'DemoInitialize' was here
 void DemoInitialize();
      ^~~~~~~~~~~~~~
../src/main.c: In function 'DemoInitialize':
../src/main.c:104:16: error: 'myDevice' undeclared (first use in this function)
    RTCC_begin(&myDevice, XPAR_PMODRTCC_0_AXI_LITE_IIC_BASEADDR, 0x6F);
                ^~~~~~~~
../src/main.c:104:16: note: each undeclared identifier is reported only once for each function it appears in
../src/main.c: In function 'DemoRun':
../src/main.c:201:27: error: 'myDevice' undeclared (first use in this function)
       if (RTCC_checkFlag(&myDevice, RTCC_TARGET_ALM0)) {
                           ^~~~~~~~
../src/main.c: In function 'GetTime':
../src/main.c:240:33: error: 'myDevice' undeclared (first use in this function)
       val.second = RTCC_getSec(&myDevice, src);
                                 ^~~~~~~~
../src/main.c: In function 'SetTime':
../src/main.c:280:20: error: 'myDevice' undeclared (first use in this function)
       RTCC_setSec(&myDevice, dest, val.second);
                    ^~~~~~~~
../src/main.c: In function 'PrintTime':
../src/main.c:304:20: error: 'myDevice' undeclared (first use in this function)
    time = GetTime(&myDevice, src);
                    ^~~~~~~~
src/subdir.mk:21: recipe for target 'src/main.o' failed
make: *** [src/main.o] Error 1
14:03:17 **** Auto Build of configuration Debug for project RTCC_OLED ****
make pre-build main-build 
a9-linaro-pre-build-step
 
Building file: ../src/main.c
Invoking: ARM v7 gcc compiler
arm-none-eabi-gcc -Wall -O0 -g3 -c -fmessage-length=0 -MT"src/main.o" -mcpu=cortex-a9 -mfpu=vfpv3 -mfloat-abi=hard -I../../RTCC_OLED_bsp/ps7_cortexa9_0/include -MMD -MP -MF"src/main.d" -MT"src/main.o" -o "src/main.o" "../src/main.c"
../src/main.c:73:6: error: conflicting types for 'DemoInitialize'
 void DemoInitialize(u8 mode);
      ^~~~~~~~~~~~~~
../src/main.c:73:1: note: an argument type that has a default promotion can't match an empty parameter name list declaration
 void DemoInitialize(u8 mode);
 ^~~~
../src/main.c:57:6: note: previous declaration of 'DemoInitialize' was here
 void DemoInitialize();
      ^~~~~~~~~~~~~~
../src/main.c:99:6: error: conflicting types for 'DemoInitialize'
 void DemoInitialize(u8 mode) {
      ^~~~~~~~~~~~~~
../src/main.c:99:1: note: an argument type that has a default promotion can't match an empty parameter name list declaration
 void DemoInitialize(u8 mode) {
 ^~~~
../src/main.c:57:6: note: previous declaration of 'DemoInitialize' was here
 void DemoInitialize();
      ^~~~~~~~~~~~~~
make: *** [src/main.o] Error 1
src/subdir.mk:21: recipe for target 'src/main.o' failed
14:05:05 **** Auto Build of configuration Debug for project RTCC_OLED ****
make pre-build main-build 
a9-linaro-pre-build-step
 
Building file: ../src/main.c
Invoking: ARM v7 gcc compiler
arm-none-eabi-gcc -Wall -O0 -g3 -c -fmessage-length=0 -MT"src/main.o" -mcpu=cortex-a9 -mfpu=vfpv3 -mfloat-abi=hard -I../../RTCC_OLED_bsp/ps7_cortexa9_0/include -MMD -MP -MF"src/main.d" -MT"src/main.o" -o "src/main.o" "../src/main.c"
Finished building: ../src/main.c
 
Building target: RTCC_OLED.elf
Invoking: ARM v7 gcc linker
arm-none-eabi-gcc -mcpu=cortex-a9 -mfpu=vfpv3 -mfloat-abi=hard -Wl,-build-id=none -specs=Xilinx.spec -Wl,-T -Wl,../src/lscript.ld -L../../RTCC_OLED_bsp/ps7_cortexa9_0/lib -o "RTCC_OLED.elf"  ./src/main.o   -Wl,--start-group,-lxil,-lgcc,-lc,--end-group
Finished building target: RTCC_OLED.elf
 
Invoking: ARM v7 Print Size
arm-none-eabi-size RTCC_OLED.elf  |tee "RTCC_OLED.elf.size"
   text	   data	    bss	    dec	    hex	filename
  31260	   1192	  23624	  56076	   db0c	RTCC_OLED.elf
Finished building: RTCC_OLED.elf.size
 
14:06:01 **** Auto Build of configuration Debug for project RTCC_OLED ****
make pre-build main-build 
a9-linaro-pre-build-step
 
Building file: ../src/main.c
Invoking: ARM v7 gcc compiler
arm-none-eabi-gcc -Wall -O0 -g3 -c -fmessage-length=0 -MT"src/main.o" -mcpu=cortex-a9 -mfpu=vfpv3 -mfloat-abi=hard -I../../RTCC_OLED_bsp/ps7_cortexa9_0/include -MMD -MP -MF"src/main.d" -MT"src/main.o" -o "src/main.o" "../src/main.c"
../src/main.c:411:6: error: redefinition of 'DemoInitialize'
 void DemoInitialize() {
      ^~~~~~~~~~~~~~
../src/main.c:100:6: note: previous definition of 'DemoInitialize' was here
 void DemoInitialize(u8 mode) {
      ^~~~~~~~~~~~~~
../src/main.c: In function 'DemoInitialize':
../src/main.c:411:1: error: number of arguments doesn't match prototype
 void DemoInitialize() {
 ^~~~
../src/main.c:100:6: error: prototype declaration
 void DemoInitialize(u8 mode) {
      ^~~~~~~~~~~~~~
../src/main.c:413:16: error: 'myDevice' undeclared (first use in this function)
    OLED_Begin(&myDevice, XPAR_PMODOLED_0_AXI_LITE_GPIO_BASEADDR,
                ^~~~~~~~
../src/main.c:413:16: note: each undeclared identifier is reported only once for each function it appears in
../src/main.c: At top level:
../src/main.c:436:6: error: redefinition of 'DemoRun'
 void DemoRun() {
      ^~~~~~~
../src/main.c:192:6: note: previous definition of 'DemoRun' was here
 void DemoRun() {
      ^~~~~~~
../src/main.c: In function 'DemoRun':
../src/main.c:447:28: error: 'myDevice' undeclared (first use in this function)
       OLED_SetFillPattern(&myDevice, pat);
                            ^~~~~~~~
../src/main.c: At top level:
../src/main.c:525:6: error: redefinition of 'DemoCleanup'
 void DemoCleanup() {
      ^~~~~~~~~~~
../src/main.c:383:6: note: previous definition of 'DemoCleanup' was here
 void DemoCleanup() {
      ^~~~~~~~~~~
../src/main.c: In function 'DemoCleanup':
../src/main.c:526:14: error: 'myDevice' undeclared (first use in this function)
    OLED_End(&myDevice);
              ^~~~~~~~
../src/main.c: At top level:
../src/main.c:530:6: error: redefinition of 'EnableCaches'
 void EnableCaches() {
      ^~~~~~~~~~~~
../src/main.c:387:6: note: previous definition of 'EnableCaches' was here
 void EnableCaches() {
      ^~~~~~~~~~~~
../src/main.c:541:6: error: redefinition of 'DisableCaches'
 void DisableCaches() {
      ^~~~~~~~~~~~~
../src/main.c:398:6: note: previous definition of 'DisableCaches' was here
 void DisableCaches() {
      ^~~~~~~~~~~~~
src/subdir.mk:21: recipe for target 'src/main.o' failed
make: *** [src/main.o] Error 1
14:07:39 **** Auto Build of configuration Debug for project RTCC_OLED ****
make pre-build main-build 
a9-linaro-pre-build-step
 
Building file: ../src/main.c
Invoking: ARM v7 gcc compiler
arm-none-eabi-gcc -Wall -O0 -g3 -c -fmessage-length=0 -MT"src/main.o" -mcpu=cortex-a9 -mfpu=vfpv3 -mfloat-abi=hard -I../../RTCC_OLED_bsp/ps7_cortexa9_0/include -MMD -MP -MF"src/main.d" -MT"src/main.o" -o "src/main.o" "../src/main.c"
../src/main.c:438:6: error: redefinition of 'DemoRun'
 void DemoRun() {
      ^~~~~~~
../src/main.c:198:6: note: previous definition of 'DemoRun' was here
 void DemoRun() {
      ^~~~~~~
../src/main.c: In function 'DemoRun':
../src/main.c:449:28: error: 'myDevice' undeclared (first use in this function)
       OLED_SetFillPattern(&myDevice, pat);
                            ^~~~~~~~
../src/main.c:449:28: note: each undeclared identifier is reported only once for each function it appears in
../src/main.c: At top level:
../src/main.c:527:6: error: redefinition of 'DemoCleanup'
 void DemoCleanup() {
      ^~~~~~~~~~~
../src/main.c:389:6: note: previous definition of 'DemoCleanup' was here
 void DemoCleanup() {
      ^~~~~~~~~~~
../src/main.c: In function 'DemoCleanup':
../src/main.c:528:14: error: 'myDevice' undeclared (first use in this function)
    OLED_End(&myDevice);
              ^~~~~~~~
../src/main.c: At top level:
../src/main.c:532:6: error: redefinition of 'EnableCaches'
 void EnableCaches() {
      ^~~~~~~~~~~~
../src/main.c:393:6: note: previous definition of 'EnableCaches' was here
 void EnableCaches() {
      ^~~~~~~~~~~~
../src/main.c:543:6: error: redefinition of 'DisableCaches'
 void DisableCaches() {
      ^~~~~~~~~~~~~
../src/main.c:404:6: note: previous definition of 'DisableCaches' was here
 void DisableCaches() {
      ^~~~~~~~~~~~~
make: *** [src/main.o] Error 1
src/subdir.mk:21: recipe for target 'src/main.o' failed
14:08:43 **** Auto Build of configuration Debug for project RTCC_OLED ****
make pre-build main-build 
a9-linaro-pre-build-step
 
Building file: ../src/main.c
Invoking: ARM v7 gcc compiler
arm-none-eabi-gcc -Wall -O0 -g3 -c -fmessage-length=0 -MT"src/main.o" -mcpu=cortex-a9 -mfpu=vfpv3 -mfloat-abi=hard -I../../RTCC_OLED_bsp/ps7_cortexa9_0/include -MMD -MP -MF"src/main.d" -MT"src/main.o" -o "src/main.o" "../src/main.c"
../src/main.c:413:6: error: redefinition of 'DemoRun'
 void DemoRun() {
      ^~~~~~~
../src/main.c:198:6: note: previous definition of 'DemoRun' was here
 void DemoRun() {
      ^~~~~~~
../src/main.c: In function 'DemoRun':
../src/main.c:424:28: error: 'myDevice' undeclared (first use in this function)
       OLED_SetFillPattern(&myDevice, pat);
                            ^~~~~~~~
../src/main.c:424:28: note: each undeclared identifier is reported only once for each function it appears in
../src/main.c: In function 'DemoCleanup':
../src/main.c:503:14: error: 'myDevice' undeclared (first use in this function)
    OLED_End(&myDevice);
              ^~~~~~~~
make: *** [src/main.o] Error 1
src/subdir.mk:21: recipe for target 'src/main.o' failed
14:09:14 **** Auto Build of configuration Debug for project RTCC_OLED ****
make pre-build main-build 
a9-linaro-pre-build-step
 
Building file: ../src/main.c
Invoking: ARM v7 gcc compiler
arm-none-eabi-gcc -Wall -O0 -g3 -c -fmessage-length=0 -MT"src/main.o" -mcpu=cortex-a9 -mfpu=vfpv3 -mfloat-abi=hard -I../../RTCC_OLED_bsp/ps7_cortexa9_0/include -MMD -MP -MF"src/main.d" -MT"src/main.o" -o "src/main.o" "../src/main.c"
../src/main.c:413:6: error: redefinition of 'DemoRun'
 void DemoRun() {
      ^~~~~~~
../src/main.c:198:6: note: previous definition of 'DemoRun' was here
 void DemoRun() {
      ^~~~~~~
../src/main.c: In function 'DemoRun':
../src/main.c:424:28: error: 'myDevice' undeclared (first use in this function)
       OLED_SetFillPattern(&myDevice, pat);
                            ^~~~~~~~
../src/main.c:424:28: note: each undeclared identifier is reported only once for each function it appears in
make: *** [src/main.o] Error 1
src/subdir.mk:21: recipe for target 'src/main.o' failed
14:11:42 **** Auto Build of configuration Debug for project RTCC_OLED ****
make pre-build main-build 
a9-linaro-pre-build-step
 
Building file: ../src/main.c
Invoking: ARM v7 gcc compiler
arm-none-eabi-gcc -Wall -O0 -g3 -c -fmessage-length=0 -MT"src/main.o" -mcpu=cortex-a9 -mfpu=vfpv3 -mfloat-abi=hard -I../../RTCC_OLED_bsp/ps7_cortexa9_0/include -MMD -MP -MF"src/main.d" -MT"src/main.o" -o "src/main.o" "../src/main.c"
../src/main.c: In function 'OLEDDemoInitialize':
../src/main.c:190:14: error: 'myDevice' undeclared (first use in this function)
  OLED_Begin(&myDevice, XPAR_PMODOLED_0_AXI_LITE_GPIO_BASEADDR,
              ^~~~~~~~
../src/main.c:190:14: note: each undeclared identifier is reported only once for each function it appears in
../src/main.c: In function 'OledDemoRun':
../src/main.c:425:28: error: 'myDevice' undeclared (first use in this function)
       OLED_SetFillPattern(&myDevice, pat);
                            ^~~~~~~~
src/subdir.mk:21: recipe for target 'src/main.o' failed
make: *** [src/main.o] Error 1
14:12:03 **** Auto Build of configuration Debug for project RTCC_OLED ****
make pre-build main-build 
a9-linaro-pre-build-step
 
Building file: ../src/main.c
Invoking: ARM v7 gcc compiler
arm-none-eabi-gcc -Wall -O0 -g3 -c -fmessage-length=0 -MT"src/main.o" -mcpu=cortex-a9 -mfpu=vfpv3 -mfloat-abi=hard -I../../RTCC_OLED_bsp/ps7_cortexa9_0/include -MMD -MP -MF"src/main.d" -MT"src/main.o" -o "src/main.o" "../src/main.c"
../src/main.c: In function 'OledDemoRun':
../src/main.c:425:28: error: 'myDevice' undeclared (first use in this function)
       OLED_SetFillPattern(&myDevice, pat);
                            ^~~~~~~~
../src/main.c:425:28: note: each undeclared identifier is reported only once for each function it appears in
src/subdir.mk:21: recipe for target 'src/main.o' failed
make: *** [src/main.o] Error 1
14:12:29 **** Auto Build of configuration Debug for project RTCC_OLED ****
make pre-build main-build 
a9-linaro-pre-build-step
 
Building file: ../src/main.c
Invoking: ARM v7 gcc compiler
arm-none-eabi-gcc -Wall -O0 -g3 -c -fmessage-length=0 -MT"src/main.o" -mcpu=cortex-a9 -mfpu=vfpv3 -mfloat-abi=hard -I../../RTCC_OLED_bsp/ps7_cortexa9_0/include -MMD -MP -MF"src/main.d" -MT"src/main.o" -o "src/main.o" "../src/main.c"
../src/main.c: In function 'OledDemoRun':
../src/main.c:432:28: error: 'myDevice' undeclared (first use in this function)
          OLED_ClearBuffer(&myDevice);
                            ^~~~~~~~
../src/main.c:432:28: note: each undeclared identifier is reported only once for each function it appears in
src/subdir.mk:21: recipe for target 'src/main.o' failed
make: *** [src/main.o] Error 1
14:13:52 **** Auto Build of configuration Debug for project RTCC_OLED ****
make pre-build main-build 
a9-linaro-pre-build-step
 
Building file: ../src/main.c
Invoking: ARM v7 gcc compiler
arm-none-eabi-gcc -Wall -O0 -g3 -c -fmessage-length=0 -MT"src/main.o" -mcpu=cortex-a9 -mfpu=vfpv3 -mfloat-abi=hard -I../../RTCC_OLED_bsp/ps7_cortexa9_0/include -MMD -MP -MF"src/main.d" -MT"src/main.o" -o "src/main.o" "../src/main.c"
Finished building: ../src/main.c
 
Building target: RTCC_OLED.elf
Invoking: ARM v7 gcc linker
arm-none-eabi-gcc -mcpu=cortex-a9 -mfpu=vfpv3 -mfloat-abi=hard -Wl,-build-id=none -specs=Xilinx.spec -Wl,-T -Wl,../src/lscript.ld -L../../RTCC_OLED_bsp/ps7_cortexa9_0/lib -o "RTCC_OLED.elf"  ./src/main.o   -Wl,--start-group,-lxil,-lgcc,-lc,--end-group
Finished building target: RTCC_OLED.elf
 
Invoking: ARM v7 Print Size
arm-none-eabi-size RTCC_OLED.elf  |tee "RTCC_OLED.elf.size"
   text	   data	    bss	    dec	    hex	filename
  43024	   1224	  23624	  67872	  10920	RTCC_OLED.elf
Finished building: RTCC_OLED.elf.size
 
14:17:10 **** Auto Build of configuration Debug for project RTCC_OLED ****
make pre-build main-build 
a9-linaro-pre-build-step
 
Building file: ../src/main.c
Invoking: ARM v7 gcc compiler
arm-none-eabi-gcc -Wall -O0 -g3 -c -fmessage-length=0 -MT"src/main.o" -mcpu=cortex-a9 -mfpu=vfpv3 -mfloat-abi=hard -I../../RTCC_OLED_bsp/ps7_cortexa9_0/include -MMD -MP -MF"src/main.d" -MT"src/main.o" -o "src/main.o" "../src/main.c"
../src/main.c: In function 'main':
../src/main.c:90:5: error: expected ';' before 'return'
     return 0;
     ^~~~~~
make: *** [src/main.o] Error 1
src/subdir.mk:21: recipe for target 'src/main.o' failed
14:17:18 **** Auto Build of configuration Debug for project RTCC_OLED ****
make pre-build main-build 
a9-linaro-pre-build-step
 
Building file: ../src/main.c
Invoking: ARM v7 gcc compiler
arm-none-eabi-gcc -Wall -O0 -g3 -c -fmessage-length=0 -MT"src/main.o" -mcpu=cortex-a9 -mfpu=vfpv3 -mfloat-abi=hard -I../../RTCC_OLED_bsp/ps7_cortexa9_0/include -MMD -MP -MF"src/main.d" -MT"src/main.o" -o "src/main.o" "../src/main.c"
Finished building: ../src/main.c
 
Building target: RTCC_OLED.elf
Invoking: ARM v7 gcc linker
arm-none-eabi-gcc -mcpu=cortex-a9 -mfpu=vfpv3 -mfloat-abi=hard -Wl,-build-id=none -specs=Xilinx.spec -Wl,-T -Wl,../src/lscript.ld -L../../RTCC_OLED_bsp/ps7_cortexa9_0/lib -o "RTCC_OLED.elf"  ./src/main.o   -Wl,--start-group,-lxil,-lgcc,-lc,--end-group
Finished building target: RTCC_OLED.elf
 
Invoking: ARM v7 Print Size
arm-none-eabi-size RTCC_OLED.elf  |tee "RTCC_OLED.elf.size"
   text	   data	    bss	    dec	    hex	filename
  43024	   1224	  23624	  67872	  10920	RTCC_OLED.elf
Finished building: RTCC_OLED.elf.size
 
14:17:33 **** Incremental Build of configuration Debug for project RTCC_OLED ****
make pre-build main-build 
a9-linaro-pre-build-step
 
make: Nothing to be done for 'main-build'.
14:18:25 **** Incremental Build of configuration Debug for project RTCC_OLED ****
make pre-build main-build 
a9-linaro-pre-build-step
 
make: Nothing to be done for 'main-build'.
14:24:01 **** Auto Build of configuration Debug for project RTCC_OLED ****
make pre-build main-build 
a9-linaro-pre-build-step
 
Building file: ../src/main.c
Invoking: ARM v7 gcc compiler
arm-none-eabi-gcc -Wall -O0 -g3 -c -fmessage-length=0 -MT"src/main.o" -mcpu=cortex-a9 -mfpu=vfpv3 -mfloat-abi=hard -I../../RTCC_OLED_bsp/ps7_cortexa9_0/include -MMD -MP -MF"src/main.d" -MT"src/main.o" -o "src/main.o" "../src/main.c"
Finished building: ../src/main.c
 
Building target: RTCC_OLED.elf
Invoking: ARM v7 gcc linker
arm-none-eabi-gcc -mcpu=cortex-a9 -mfpu=vfpv3 -mfloat-abi=hard -Wl,-build-id=none -specs=Xilinx.spec -Wl,-T -Wl,../src/lscript.ld -L../../RTCC_OLED_bsp/ps7_cortexa9_0/lib -o "RTCC_OLED.elf"  ./src/main.o   -Wl,--start-group,-lxil,-lgcc,-lc,--end-group
Finished building target: RTCC_OLED.elf
 
Invoking: ARM v7 Print Size
arm-none-eabi-size RTCC_OLED.elf  |tee "RTCC_OLED.elf.size"
   text	   data	    bss	    dec	    hex	filename
  42784	   1224	  23624	  67632	  10830	RTCC_OLED.elf
Finished building: RTCC_OLED.elf.size
 
14:29:29 **** Auto Build of configuration Debug for project RTCC_OLED ****
make pre-build main-build 
a9-linaro-pre-build-step
 
Building file: ../src/main.c
Invoking: ARM v7 gcc compiler
arm-none-eabi-gcc -Wall -O0 -g3 -c -fmessage-length=0 -MT"src/main.o" -mcpu=cortex-a9 -mfpu=vfpv3 -mfloat-abi=hard -I../../RTCC_OLED_bsp/ps7_cortexa9_0/include -MMD -MP -MF"src/main.d" -MT"src/main.o" -o "src/main.o" "../src/main.c"
Finished building: ../src/main.c
 
Building target: RTCC_OLED.elf
Invoking: ARM v7 gcc linker
arm-none-eabi-gcc -mcpu=cortex-a9 -mfpu=vfpv3 -mfloat-abi=hard -Wl,-build-id=none -specs=Xilinx.spec -Wl,-T -Wl,../src/lscript.ld -L../../RTCC_OLED_bsp/ps7_cortexa9_0/lib -o "RTCC_OLED.elf"  ./src/main.o   -Wl,--start-group,-lxil,-lgcc,-lc,--end-group
Finished building target: RTCC_OLED.elf
 
Invoking: ARM v7 Print Size
arm-none-eabi-size RTCC_OLED.elf  |tee "RTCC_OLED.elf.size"
   text	   data	    bss	    dec	    hex	filename
  42784	   1224	  23624	  67632	  10830	RTCC_OLED.elf
Finished building: RTCC_OLED.elf.size
 
14:30:13 **** Auto Build of configuration Debug for project RTCC_OLED ****
make pre-build main-build 
a9-linaro-pre-build-step
 
Building file: ../src/main.c
Invoking: ARM v7 gcc compiler
arm-none-eabi-gcc -Wall -O0 -g3 -c -fmessage-length=0 -MT"src/main.o" -mcpu=cortex-a9 -mfpu=vfpv3 -mfloat-abi=hard -I../../RTCC_OLED_bsp/ps7_cortexa9_0/include -MMD -MP -MF"src/main.d" -MT"src/main.o" -o "src/main.o" "../src/main.c"
Finished building: ../src/main.c
 
Building target: RTCC_OLED.elf
Invoking: ARM v7 gcc linker
arm-none-eabi-gcc -mcpu=cortex-a9 -mfpu=vfpv3 -mfloat-abi=hard -Wl,-build-id=none -specs=Xilinx.spec -Wl,-T -Wl,../src/lscript.ld -L../../RTCC_OLED_bsp/ps7_cortexa9_0/lib -o "RTCC_OLED.elf"  ./src/main.o   -Wl,--start-group,-lxil,-lgcc,-lc,--end-group
Finished building target: RTCC_OLED.elf
 
Invoking: ARM v7 Print Size
arm-none-eabi-size RTCC_OLED.elf  |tee "RTCC_OLED.elf.size"
   text	   data	    bss	    dec	    hex	filename
  42784	   1224	  23624	  67632	  10830	RTCC_OLED.elf
Finished building: RTCC_OLED.elf.size
 
14:30:22 **** Incremental Build of configuration Debug for project RTCC_OLED ****
make pre-build main-build 
a9-linaro-pre-build-step
 
make: Nothing to be done for 'main-build'.
14:35:32 **** Auto Build of configuration Debug for project RTCC_OLED ****
make pre-build main-build 
a9-linaro-pre-build-step
 
Building file: ../src/main.c
Invoking: ARM v7 gcc compiler
arm-none-eabi-gcc -Wall -O0 -g3 -c -fmessage-length=0 -MT"src/main.o" -mcpu=cortex-a9 -mfpu=vfpv3 -mfloat-abi=hard -I../../RTCC_OLED_bsp/ps7_cortexa9_0/include -MMD -MP -MF"src/main.d" -MT"src/main.o" -o "src/main.o" "../src/main.c"
Finished building: ../src/main.c
 
Building target: RTCC_OLED.elf
Invoking: ARM v7 gcc linker
arm-none-eabi-gcc -mcpu=cortex-a9 -mfpu=vfpv3 -mfloat-abi=hard -Wl,-build-id=none -specs=Xilinx.spec -Wl,-T -Wl,../src/lscript.ld -L../../RTCC_OLED_bsp/ps7_cortexa9_0/lib -o "RTCC_OLED.elf"  ./src/main.o   -Wl,--start-group,-lxil,-lgcc,-lc,--end-group
Finished building target: RTCC_OLED.elf
 
Invoking: ARM v7 Print Size
arm-none-eabi-size RTCC_OLED.elf  |tee "RTCC_OLED.elf.size"
   text	   data	    bss	    dec	    hex	filename
  42792	   1224	  23624	  67640	  10838	RTCC_OLED.elf
Finished building: RTCC_OLED.elf.size
 
14:40:03 **** Auto Build of configuration Debug for project RTCC_OLED ****
make pre-build main-build 
a9-linaro-pre-build-step
 
Building file: ../src/main.c
Invoking: ARM v7 gcc compiler
arm-none-eabi-gcc -Wall -O0 -g3 -c -fmessage-length=0 -MT"src/main.o" -mcpu=cortex-a9 -mfpu=vfpv3 -mfloat-abi=hard -I../../RTCC_OLED_bsp/ps7_cortexa9_0/include -MMD -MP -MF"src/main.d" -MT"src/main.o" -o "src/main.o" "../src/main.c"
../src/main.c: In function 'RTCC_OledRun':
../src/main.c:587:1: error: expected declaration or statement at end of input
 }
 ^
../src/main.c:418:9: warning: unused variable 'c' [-Wunused-variable]
    char c;
         ^
../src/main.c:416:18: warning: unused variable 'i' [-Wunused-variable]
    int irow, ib, i;
                  ^
../src/main.c:416:14: warning: unused variable 'ib' [-Wunused-variable]
    int irow, ib, i;
              ^~
At top level:
../src/main.c:578:6: warning: 'DisableCaches' defined but not used [-Wunused-function]
 void DisableCaches() {
      ^~~~~~~~~~~~~
../src/main.c:567:6: warning: 'EnableCaches' defined but not used [-Wunused-function]
 void EnableCaches() {
      ^~~~~~~~~~~~
../src/main.c:562:6: warning: 'DemoCleanup' defined but not used [-Wunused-function]
 void DemoCleanup() {
src/subdir.mk:21: recipe for target 'src/main.o' failed
      ^~~~~~~~~~~
../src/main.c:472:6: warning: 'OledDemoRun' defined but not used [-Wunused-function]
 void OledDemoRun() {
      ^~~~~~~~~~~
make: *** [src/main.o] Error 1
14:58:03 **** Auto Build of configuration Debug for project RTCC_OLED ****
make pre-build main-build 
a9-linaro-pre-build-step
 
Building file: ../src/main.c
Invoking: ARM v7 gcc compiler
arm-none-eabi-gcc -Wall -O0 -g3 -c -fmessage-length=0 -MT"src/main.o" -mcpu=cortex-a9 -mfpu=vfpv3 -mfloat-abi=hard -I../../RTCC_OLED_bsp/ps7_cortexa9_0/include -MMD -MP -MF"src/main.d" -MT"src/main.o" -o "src/main.o" "../src/main.c"
../src/main.c: In function 'RTCC_OledRun':
../src/main.c:429:13: error: 'datepref' undeclared (first use in this function); did you mean 'datapref'?
    snprintf(datepref, sizeof(datepref),"%s %x/%x",
             ^~~~~~~~
             datapref
../src/main.c:429:13: note: each undeclared identifier is reported only once for each function it appears in
../src/main.c:420:9: warning: unused variable 'datapref' [-Wunused-variable]
    char datapref[100] ="";
         ^~~~~~~~
../src/main.c:416:18: warning: unused variable 'i' [-Wunused-variable]
    int irow, ib, i;
                  ^
../src/main.c:416:14: warning: unused variable 'ib' [-Wunused-variable]
    int irow, ib, i;
              ^~
src/subdir.mk:21: recipe for target 'src/main.o' failed
make: *** [src/main.o] Error 1
15:00:18 **** Auto Build of configuration Debug for project RTCC_OLED ****
make pre-build main-build 
a9-linaro-pre-build-step
 
Building file: ../src/main.c
Invoking: ARM v7 gcc compiler
arm-none-eabi-gcc -Wall -O0 -g3 -c -fmessage-length=0 -MT"src/main.o" -mcpu=cortex-a9 -mfpu=vfpv3 -mfloat-abi=hard -I../../RTCC_OLED_bsp/ps7_cortexa9_0/include -MMD -MP -MF"src/main.d" -MT"src/main.o" -o "src/main.o" "../src/main.c"
../src/main.c: In function 'RTCC_OledRun':
../src/main.c:416:18: warning: unused variable 'i' [-Wunused-variable]
    int irow, ib, i;
                  ^
../src/main.c:416:14: warning: unused variable 'ib' [-Wunused-variable]
    int irow, ib, i;
              ^~
Finished building: ../src/main.c
 
Building target: RTCC_OLED.elf
Invoking: ARM v7 gcc linker
arm-none-eabi-gcc -mcpu=cortex-a9 -mfpu=vfpv3 -mfloat-abi=hard -Wl,-build-id=none -specs=Xilinx.spec -Wl,-T -Wl,../src/lscript.ld -L../../RTCC_OLED_bsp/ps7_cortexa9_0/lib -o "RTCC_OLED.elf"  ./src/main.o   -Wl,--start-group,-lxil,-lgcc,-lc,--end-group
Finished building target: RTCC_OLED.elf
 
Invoking: ARM v7 Print Size
arm-none-eabi-size RTCC_OLED.elf  |tee "RTCC_OLED.elf.size"
   text	   data	    bss	    dec	    hex	filename
  85600	   2656	  24384	 112640	  1b800	RTCC_OLED.elf
Finished building: RTCC_OLED.elf.size
 
15:01:02 **** Auto Build of configuration Debug for project RTCC_OLED ****
make pre-build main-build 
a9-linaro-pre-build-step
 
Building file: ../src/main.c
Invoking: ARM v7 gcc compiler
arm-none-eabi-gcc -Wall -O0 -g3 -c -fmessage-length=0 -MT"src/main.o" -mcpu=cortex-a9 -mfpu=vfpv3 -mfloat-abi=hard -I../../RTCC_OLED_bsp/ps7_cortexa9_0/include -MMD -MP -MF"src/main.d" -MT"src/main.o" -o "src/main.o" "../src/main.c"
../src/main.c: In function 'RTCC_OledRun':
../src/main.c:445:18: warning: unused variable 'i' [-Wunused-variable]
    int irow, ib, i;
                  ^
../src/main.c:445:14: warning: unused variable 'ib' [-Wunused-variable]
    int irow, ib, i;
              ^~
Finished building: ../src/main.c
 
Building target: RTCC_OLED.elf
Invoking: ARM v7 gcc linker
arm-none-eabi-gcc -mcpu=cortex-a9 -mfpu=vfpv3 -mfloat-abi=hard -Wl,-build-id=none -specs=Xilinx.spec -Wl,-T -Wl,../src/lscript.ld -L../../RTCC_OLED_bsp/ps7_cortexa9_0/lib -o "RTCC_OLED.elf"  ./src/main.o   -Wl,--start-group,-lxil,-lgcc,-lc,--end-group
Finished building target: RTCC_OLED.elf
 
Invoking: ARM v7 Print Size
arm-none-eabi-size RTCC_OLED.elf  |tee "RTCC_OLED.elf.size"
   text	   data	    bss	    dec	    hex	filename
  85600	   2656	  24384	 112640	  1b800	RTCC_OLED.elf
Finished building: RTCC_OLED.elf.size
 
15:04:24 **** Auto Build of configuration Debug for project RTCC_OLED ****
make pre-build main-build 
a9-linaro-pre-build-step
 
Building file: ../src/main.c
Invoking: ARM v7 gcc compiler
arm-none-eabi-gcc -Wall -O0 -g3 -c -fmessage-length=0 -MT"src/main.o" -mcpu=cortex-a9 -mfpu=vfpv3 -mfloat-abi=hard -I../../RTCC_OLED_bsp/ps7_cortexa9_0/include -MMD -MP -MF"src/main.d" -MT"src/main.o" -o "src/main.o" "../src/main.c"
../src/main.c: In function 'main':
../src/main.c:91:2: warning: implicit declaration of function 'RTCC_OledRun'; did you mean 'RTCCDemoRun'? [-Wimplicit-function-declaration]
  RTCC_OledRun(RTCC_TARGET_RTCC);
  ^~~~~~~~~~~~
  RTCCDemoRun
../src/main.c: At top level:
../src/main.c:417:6: warning: conflicting types for 'RTCC_OledRun'
 void RTCC_OledRun(RTCC_Target src) {
      ^~~~~~~~~~~~
../src/main.c:91:2: note: previous implicit declaration of 'RTCC_OledRun' was here
  RTCC_OledRun(RTCC_TARGET_RTCC);
  ^~~~~~~~~~~~
../src/main.c: In function 'RTCC_OledRun':
../src/main.c:447:18: warning: unused variable 'i' [-Wunused-variable]
    int irow, ib, i;
                  ^
../src/main.c:447:14: warning: unused variable 'ib' [-Wunused-variable]
    int irow, ib, i;
              ^~
Finished building: ../src/main.c
 
Building target: RTCC_OLED.elf
Invoking: ARM v7 gcc linker
arm-none-eabi-gcc -mcpu=cortex-a9 -mfpu=vfpv3 -mfloat-abi=hard -Wl,-build-id=none -specs=Xilinx.spec -Wl,-T -Wl,../src/lscript.ld -L../../RTCC_OLED_bsp/ps7_cortexa9_0/lib -o "RTCC_OLED.elf"  ./src/main.o   -Wl,--start-group,-lxil,-lgcc,-lc,--end-group
Finished building target: RTCC_OLED.elf
 
Invoking: ARM v7 Print Size
arm-none-eabi-size RTCC_OLED.elf  |tee "RTCC_OLED.elf.size"
   text	   data	    bss	    dec	    hex	filename
  85600	   2656	  24384	 112640	  1b800	RTCC_OLED.elf
Finished building: RTCC_OLED.elf.size
 
15:04:39 **** Incremental Build of configuration Debug for project RTCC_OLED ****
make pre-build main-build 
a9-linaro-pre-build-step
 
make: Nothing to be done for 'main-build'.
15:05:15 **** Incremental Build of configuration Debug for project RTCC_OLED ****
make pre-build main-build 
a9-linaro-pre-build-step
 
make: Nothing to be done for 'main-build'.
